// Jest Snapshot v1, https://goo.gl/fbAQLP

exports[`WeatherItem renders correctly 1`] = `
<View
  accessible={true}
  focusable={false}
  onClick={[Function]}
  onResponderGrant={[Function]}
  onResponderMove={[Function]}
  onResponderRelease={[Function]}
  onResponderTerminate={[Function]}
  onResponderTerminationRequest={[Function]}
  onStartShouldSetResponder={[Function]}
  style={
    Object {
      "opacity": 1,
    }
  }
>
  <View
    accessibilityHint="Weather Forecast"
    accessible={true}
    focusable={false}
    onClick={[Function]}
    onResponderGrant={[Function]}
    onResponderMove={[Function]}
    onResponderRelease={[Function]}
    onResponderTerminate={[Function]}
    onResponderTerminationRequest={[Function]}
    onStartShouldSetResponder={[Function]}
    style={
      Array [
        false,
        Array [
          Object {
            "padding": 8,
          },
          Object {
            "borderBottomColor": "#ABACAB",
            "borderBottomWidth": 2,
            "justifyContent": "space-between",
            "margin": 2,
            "padding": 12,
          },
        ],
      ]
    }
  >
    <View
      style={
        Object {
          "flexDirection": "row",
        }
      }
    >
      <Image
        accessibilityIgnoresInvertColors={true}
        color="rgba(0, 0, 0, 0.54)"
        source={
          Object {
            "uri": "https://openweathermap.org/img/wn/04d@4x.png",
          }
        }
        style={
          Object {
            "height": 50,
            "width": 50,
          }
        }
      />
      <View
        style={
          Array [
            Object {
              "marginVertical": 6,
              "paddingLeft": 8,
            },
            Object {
              "flex": 1,
              "justifyContent": "center",
            },
          ]
        }
      >
        <Text
          numberOfLines={1}
          style={
            Array [
              Object {
                "color": "#000000",
                "fontFamily": "System",
                "fontWeight": "400",
                "textAlign": "left",
              },
              Array [
                Object {
                  "fontSize": 16,
                },
                Object {
                  "color": "rgba(0, 0, 0, 0.87)",
                },
                undefined,
              ],
            ]
          }
        >
          London
        </Text>
        <Text
          numberOfLines={2}
          style={
            Array [
              Object {
                "color": "#000000",
                "fontFamily": "System",
                "fontWeight": "400",
                "textAlign": "left",
              },
              Array [
                Object {
                  "fontSize": 14,
                },
                Object {
                  "color": "rgba(0, 0, 0, 0.54)",
                },
                undefined,
              ],
            ]
          }
        >
          Clouds
        </Text>
      </View>
      <View
        color="rgba(0, 0, 0, 0.54)"
        style={
          Object {
            "backgroundColor": "#3EEFD8",
            "borderColor": "#3EEFD8",
            "borderRadius": 16,
            "borderStyle": "solid",
            "borderWidth": 0.5,
            "elevation": 0,
          }
        }
      >
        <View
          accessibilityRole="button"
          accessibilityState={
            Object {
              "disabled": false,
              "selected": false,
            }
          }
          accessible={true}
          focusable={false}
          onClick={[Function]}
          onResponderGrant={[Function]}
          onResponderMove={[Function]}
          onResponderRelease={[Function]}
          onResponderTerminate={[Function]}
          onResponderTerminationRequest={[Function]}
          onStartShouldSetResponder={[Function]}
          style={
            Array [
              Object {
                "overflow": "hidden",
              },
              Object {
                "borderRadius": 16,
              },
            ]
          }
        >
          <View
            style={
              Object {
                "alignItems": "center",
                "flexDirection": "row",
                "paddingHorizontal": 4,
              }
            }
          >
            <Text
              numberOfLines={1}
              style={
                Array [
                  Object {
                    "color": "#000000",
                    "fontFamily": "System",
                    "fontWeight": "400",
                    "textAlign": "left",
                  },
                  Array [
                    Object {
                      "lineHeight": 24,
                      "marginVertical": 4,
                      "minHeight": 24,
                      "textAlignVertical": "center",
                    },
                    Object {
                      "color": "rgba(0, 0, 0, 0.87)",
                      "fontFamily": "System",
                      "fontWeight": "400",
                      "marginLeft": 8,
                      "marginRight": 8,
                    },
                    Object {
                      "alignItems": "center",
                      "fontSize": 20,
                      "padding": 10,
                    },
                  ],
                ]
              }
            >
              19.27Â°C
            </Text>
          </View>
        </View>
      </View>
    </View>
  </View>
</View>
`;
